app/cart/page.tsx(134,33): error TS2304: Cannot find name 'useRemoveVoucher'.
app/dashboard/flash-sales/page.tsx(28,80): error TS2554: Expected 0 arguments, but got 1.
app/dashboard/flash-sales/page.tsx(53,47): error TS7006: Parameter 'fs' implicitly has an 'any' type.
app/dashboard/flash-sales/page.tsx(54,49): error TS7006: Parameter 'fs' implicitly has an 'any' type.
app/dashboard/flash-sales/page.tsx(193,42): error TS7006: Parameter 'fs' implicitly has an 'any' type.
app/dashboard/flash-sales/page.tsx(222,47): error TS7006: Parameter 'c' implicitly has an 'any' type.
app/dashboard/users/page.tsx(40,39): error TS7006: Parameter 'user' implicitly has an 'any' type.
app/dashboard/users/page.tsx(201,37): error TS7006: Parameter 'user' implicitly has an 'any' type.
app/dashboard/vouchers/page.tsx(50,43): error TS7006: Parameter 'v' implicitly has an 'any' type.
app/dashboard/vouchers/page.tsx(51,44): error TS7006: Parameter 'v' implicitly has an 'any' type.
app/dashboard/vouchers/page.tsx(168,40): error TS7006: Parameter 'voucher' implicitly has an 'any' type.
app/dashboard/vouchers/page.tsx(187,46): error TS7006: Parameter 'range' implicitly has an 'any' type.
app/dashboard/vouchers/page.tsx(187,53): error TS7006: Parameter 'index' implicitly has an 'any' type.
app/login/page.tsx(111,47): error TS2322: Type '{ children: string; href: string; size: string; className: string; }' is not assignable to type 'IntrinsicAttributes & Omit<AnchorHTMLAttributes<HTMLAnchorElement>, keyof LinkProps<any>> & LinkProps<...> & { ...; } & RefAttributes<...>'.
  Property 'size' does not exist on type 'IntrinsicAttributes & Omit<AnchorHTMLAttributes<HTMLAnchorElement>, keyof LinkProps<any>> & LinkProps<...> & { ...; } & RefAttributes<...>'.
components/dashboard/profile-sidebar.tsx(40,34): error TS2339: Property 'createdAt' does not exist on type 'AuthUser'.
components/dashboard/profile-sidebar.tsx(40,60): error TS2339: Property 'createdAt' does not exist on type 'AuthUser'.
components/dashboard/user-dialog.tsx(135,17): error TS2322: Type '{ maxImages: number; onSelectionChange: (images: SelectedImage[]) => void; initialImages: SelectedImage[]; }' is not assignable to type 'IntrinsicAttributes & ImageSelectorProps'.
  Property 'maxImages' does not exist on type 'IntrinsicAttributes & ImageSelectorProps'.
features/chat/components/custom-offer-dialog.tsx(22,8): error TS2307: Cannot find module '@/components/ui/form' or its corresponding type declarations.
features/chat/components/custom-offer-dialog.tsx(25,10): error TS2305: Module '"@/lib/api/hooks"' has no exported member 'useCreateCustomOrder'.
features/chat/components/custom-offer-dialog.tsx(54,5): error TS2322: Type 'Resolver<{ title: string; price: unknown; leadTime: string; artisanNote?: string | undefined; }, any, { title: string; price: number; leadTime: string; artisanNote?: string | undefined; }>' is not assignable to type 'Resolver<{ title: string; price: number; leadTime: string; artisanNote?: string | undefined; }, any, { title: string; price: number; leadTime: string; artisanNote?: string | undefined; }>'.
  Types of parameters 'options' and 'options' are incompatible.
    Type 'ResolverOptions<{ title: string; price: number; leadTime: string; artisanNote?: string | undefined; }>' is not assignable to type 'ResolverOptions<{ title: string; price: unknown; leadTime: string; artisanNote?: string | undefined; }>'.
      Type 'unknown' is not assignable to type 'number'.
features/chat/components/custom-offer-dialog.tsx(98,45): error TS2345: Argument of type '(values: z.infer<typeof formSchema>) => Promise<void>' is not assignable to parameter of type 'SubmitHandler<TFieldValues>'.
  Types of parameters 'values' and 'data' are incompatible.
    Type 'TFieldValues' is not assignable to type '{ title: string; price: number; leadTime: string; artisanNote?: string | undefined; }'.
      Type 'FieldValues' is missing the following properties from type '{ title: string; price: number; leadTime: string; artisanNote?: string | undefined; }': title, price, leadTime
features/chat/components/custom-offer-dialog.tsx(102,26): error TS7031: Binding element 'field' implicitly has an 'any' type.
features/chat/components/custom-offer-dialog.tsx(117,28): error TS7031: Binding element 'field' implicitly has an 'any' type.
features/chat/components/custom-offer-dialog.tsx(131,28): error TS7031: Binding element 'field' implicitly has an 'any' type.
features/chat/components/custom-offer-dialog.tsx(146,26): error TS7031: Binding element 'field' implicitly has an 'any' type.
lib/mock-data.ts(379,14): error TS2322: Type 'string' is not assignable to type 'ProductImage'.
lib/mock-data.ts(384,5): error TS2739: Type 'Seller' is missing the following properties from type 'User': roles, ordersCount, totalSpent, updatedAt
lib/mock-data.ts(394,14): error TS2322: Type 'string' is not assignable to type 'ProductImage'.
lib/mock-data.ts(399,5): error TS2739: Type 'Seller' is missing the following properties from type 'User': roles, ordersCount, totalSpent, updatedAt
lib/mock-data.ts(409,14): error TS2322: Type 'string' is not assignable to type 'ProductImage'.
lib/mock-data.ts(414,5): error TS2739: Type 'Seller' is missing the following properties from type 'User': roles, ordersCount, totalSpent, updatedAt
lib/mock-data.ts(424,14): error TS2322: Type 'string' is not assignable to type 'ProductImage'.
lib/mock-data.ts(429,5): error TS2739: Type 'Seller' is missing the following properties from type 'User': roles, ordersCount, totalSpent, updatedAt
lib/mock-data.ts(439,14): error TS2322: Type 'string' is not assignable to type 'ProductImage'.
lib/mock-data.ts(444,5): error TS2739: Type 'Seller' is missing the following properties from type 'User': roles, ordersCount, totalSpent, updatedAt
lib/mock-data.ts(458,5): error TS2353: Object literal may only specify known properties, and 'total' does not exist in type 'Order'.
lib/mock-data.ts(467,5): error TS2353: Object literal may only specify known properties, and 'total' does not exist in type 'Order'.
lib/mock-data.ts(476,5): error TS2353: Object literal may only specify known properties, and 'total' does not exist in type 'Order'.
lib/mock-data.ts(485,5): error TS2353: Object literal may only specify known properties, and 'total' does not exist in type 'Order'.
lib/mock-data.ts(494,5): error TS2353: Object literal may only specify known properties, and 'total' does not exist in type 'Order'.
